// Jest Snapshot v1, https://goo.gl/fbAQLP

exports[`The Settings Slider should match the snapshot 1`] = `
<div
  class="slider slider--row"
>
  <button
    class="slider__btn slider__btn--prev"
    data-test="buttonPrev"
    style="display: none;"
    type="button"
  >
    <svg
      class="slider__btn-svg"
      fill="none"
      stroke="currentColor"
      viewBox="0 0 24 24"
      xmlns="http://www.w3.org/2000/svg"
    >
      <path
        d="M15 19l-7-7 7-7"
        stroke-linecap="round"
        stroke-linejoin="round"
        stroke-width="1"
      />
    </svg>
  </button>
  <div
    class="slider__scroll"
  >
    <ul
      class="slider__elem-list slider__elem-list--row"
    >
      
      <li
        class="slider__elem"
      >
        <button
          class="slider__elem-btn"
          data-test="select-elem-zzzlashes"
          type="button"
        >
          <svg
            class="slider__elem-svg"
            fill="#000"
            stroke="#000"
            viewBox="0 0 1 1"
          >
            <use
              href="#zzzlashes"
            />
          </svg>
        </button>
        <svg
          class="slider__elem-tick"
          viewBox="0 0 65 65"
        >
          <ellipse
            cx="32"
            cy="32"
            fill="#49dbc6"
            rx="30"
            ry="30"
          />
          <rect
            fill="#fff"
            height="6"
            rx="0"
            ry="0"
            transform="rotate(40, 26 10)"
            width="20"
            x="36"
            y="35"
          />
          <rect
            fill="#fff"
            height="6"
            rx="0"
            ry="0"
            transform="rotate(-50, 26 10)"
            width="32"
            x="0"
            y="34"
          />
        </svg>
      </li>
      <li
        class="slider__elem"
      >
        <button
          class="slider__elem-btn slider__elem-btn--tick"
          data-test="select-elem-eyes-oval"
          type="button"
        >
          <svg
            class="slider__elem-svg"
            fill="#000"
            stroke="#000"
            viewBox="0 0 1 1"
          >
            <use
              href="#eyes-oval"
            />
          </svg>
        </button>
        <svg
          class="slider__elem-tick slider__elem-tick--active"
          viewBox="0 0 65 65"
        >
          <ellipse
            cx="32"
            cy="32"
            fill="#49dbc6"
            rx="30"
            ry="30"
          />
          <rect
            fill="#fff"
            height="6"
            rx="0"
            ry="0"
            transform="rotate(40, 26 10)"
            width="20"
            x="36"
            y="35"
          />
          <rect
            fill="#fff"
            height="6"
            rx="0"
            ry="0"
            transform="rotate(-50, 26 10)"
            width="32"
            x="0"
            y="34"
          />
        </svg>
      </li>
      <li
        class="slider__elem"
      >
        <button
          class="slider__elem-btn"
          data-test="select-elem-ovaltoplash"
          type="button"
        >
          <svg
            class="slider__elem-svg"
            fill="#000"
            stroke="#000"
            viewBox="0 0 1 1"
          >
            <use
              href="#ovaltoplash"
            />
          </svg>
        </button>
        <svg
          class="slider__elem-tick"
          viewBox="0 0 65 65"
        >
          <ellipse
            cx="32"
            cy="32"
            fill="#49dbc6"
            rx="30"
            ry="30"
          />
          <rect
            fill="#fff"
            height="6"
            rx="0"
            ry="0"
            transform="rotate(40, 26 10)"
            width="20"
            x="36"
            y="35"
          />
          <rect
            fill="#fff"
            height="6"
            rx="0"
            ry="0"
            transform="rotate(-50, 26 10)"
            width="32"
            x="0"
            y="34"
          />
        </svg>
      </li>
      <li
        class="slider__elem"
      >
        <button
          class="slider__elem-btn"
          data-test="select-elem-ovalbottomlash"
          type="button"
        >
          <svg
            class="slider__elem-svg"
            fill="#000"
            stroke="#000"
            viewBox="0 0 1 1"
          >
            <use
              href="#ovalbottomlash"
            />
          </svg>
        </button>
        <svg
          class="slider__elem-tick"
          viewBox="0 0 65 65"
        >
          <ellipse
            cx="32"
            cy="32"
            fill="#49dbc6"
            rx="30"
            ry="30"
          />
          <rect
            fill="#fff"
            height="6"
            rx="0"
            ry="0"
            transform="rotate(40, 26 10)"
            width="20"
            x="36"
            y="35"
          />
          <rect
            fill="#fff"
            height="6"
            rx="0"
            ry="0"
            transform="rotate(-50, 26 10)"
            width="32"
            x="0"
            y="34"
          />
        </svg>
      </li>
      <li
        class="slider__elem"
      >
        <button
          class="slider__elem-btn"
          data-test="select-elem-eyes-circle"
          type="button"
        >
          <svg
            class="slider__elem-svg"
            fill="#000"
            stroke="#000"
            viewBox="0 0 1 1"
          >
            <use
              href="#eyes-circle"
            />
          </svg>
        </button>
        <svg
          class="slider__elem-tick"
          viewBox="0 0 65 65"
        >
          <ellipse
            cx="32"
            cy="32"
            fill="#49dbc6"
            rx="30"
            ry="30"
          />
          <rect
            fill="#fff"
            height="6"
            rx="0"
            ry="0"
            transform="rotate(40, 26 10)"
            width="20"
            x="36"
            y="35"
          />
          <rect
            fill="#fff"
            height="6"
            rx="0"
            ry="0"
            transform="rotate(-50, 26 10)"
            width="32"
            x="0"
            y="34"
          />
        </svg>
      </li>
      <li
        class="slider__elem"
      >
        <button
          class="slider__elem-btn"
          data-test="select-elem-circletoplash"
          type="button"
        >
          <svg
            class="slider__elem-svg"
            fill="#000"
            stroke="#000"
            viewBox="0 0 1 1"
          >
            <use
              href="#circletoplash"
            />
          </svg>
        </button>
        <svg
          class="slider__elem-tick"
          viewBox="0 0 65 65"
        >
          <ellipse
            cx="32"
            cy="32"
            fill="#49dbc6"
            rx="30"
            ry="30"
          />
          <rect
            fill="#fff"
            height="6"
            rx="0"
            ry="0"
            transform="rotate(40, 26 10)"
            width="20"
            x="36"
            y="35"
          />
          <rect
            fill="#fff"
            height="6"
            rx="0"
            ry="0"
            transform="rotate(-50, 26 10)"
            width="32"
            x="0"
            y="34"
          />
        </svg>
      </li>
      <li
        class="slider__elem"
      >
        <button
          class="slider__elem-btn"
          data-test="select-elem-circlebottomlash"
          type="button"
        >
          <svg
            class="slider__elem-svg"
            fill="#000"
            stroke="#000"
            viewBox="0 0 1 1"
          >
            <use
              href="#circlebottomlash"
            />
          </svg>
        </button>
        <svg
          class="slider__elem-tick"
          viewBox="0 0 65 65"
        >
          <ellipse
            cx="32"
            cy="32"
            fill="#49dbc6"
            rx="30"
            ry="30"
          />
          <rect
            fill="#fff"
            height="6"
            rx="0"
            ry="0"
            transform="rotate(40, 26 10)"
            width="20"
            x="36"
            y="35"
          />
          <rect
            fill="#fff"
            height="6"
            rx="0"
            ry="0"
            transform="rotate(-50, 26 10)"
            width="32"
            x="0"
            y="34"
          />
        </svg>
      </li>
      <li
        class="slider__elem"
      >
        <button
          class="slider__elem-btn"
          data-test="select-elem-smilinglash"
          type="button"
        >
          <svg
            class="slider__elem-svg"
            fill="#000"
            stroke="#000"
            viewBox="0 0 1 1"
          >
            <use
              href="#smilinglash"
            />
          </svg>
        </button>
        <svg
          class="slider__elem-tick"
          viewBox="0 0 65 65"
        >
          <ellipse
            cx="32"
            cy="32"
            fill="#49dbc6"
            rx="30"
            ry="30"
          />
          <rect
            fill="#fff"
            height="6"
            rx="0"
            ry="0"
            transform="rotate(40, 26 10)"
            width="20"
            x="36"
            y="35"
          />
          <rect
            fill="#fff"
            height="6"
            rx="0"
            ry="0"
            transform="rotate(-50, 26 10)"
            width="32"
            x="0"
            y="34"
          />
        </svg>
      </li>
      <li
        class="slider__elem"
      >
        <button
          class="slider__elem-btn"
          data-test="select-elem-smiling"
          type="button"
        >
          <svg
            class="slider__elem-svg"
            fill="#000"
            stroke="#000"
            viewBox="0 0 1 1"
          >
            <use
              href="#smiling"
            />
          </svg>
        </button>
        <svg
          class="slider__elem-tick"
          viewBox="0 0 65 65"
        >
          <ellipse
            cx="32"
            cy="32"
            fill="#49dbc6"
            rx="30"
            ry="30"
          />
          <rect
            fill="#fff"
            height="6"
            rx="0"
            ry="0"
            transform="rotate(40, 26 10)"
            width="20"
            x="36"
            y="35"
          />
          <rect
            fill="#fff"
            height="6"
            rx="0"
            ry="0"
            transform="rotate(-50, 26 10)"
            width="32"
            x="0"
            y="34"
          />
        </svg>
      </li>
      <li
        class="slider__elem"
      >
        <button
          class="slider__elem-btn"
          data-test="select-elem-zzz"
          type="button"
        >
          <svg
            class="slider__elem-svg"
            fill="#000"
            stroke="#000"
            viewBox="0 0 1 1"
          >
            <use
              href="#zzz"
            />
          </svg>
        </button>
        <svg
          class="slider__elem-tick"
          viewBox="0 0 65 65"
        >
          <ellipse
            cx="32"
            cy="32"
            fill="#49dbc6"
            rx="30"
            ry="30"
          />
          <rect
            fill="#fff"
            height="6"
            rx="0"
            ry="0"
            transform="rotate(40, 26 10)"
            width="20"
            x="36"
            y="35"
          />
          <rect
            fill="#fff"
            height="6"
            rx="0"
            ry="0"
            transform="rotate(-50, 26 10)"
            width="32"
            x="0"
            y="34"
          />
        </svg>
      </li>
      <li
        class="slider__elem"
      >
        <button
          class="slider__elem-btn"
          data-test="select-elem-lookatme"
          type="button"
        >
          <svg
            class="slider__elem-svg"
            fill="#000"
            stroke="#000"
            viewBox="0 0 1 1"
          >
            <use
              href="#lookatme"
            />
          </svg>
        </button>
        <svg
          class="slider__elem-tick"
          viewBox="0 0 65 65"
        >
          <ellipse
            cx="32"
            cy="32"
            fill="#49dbc6"
            rx="30"
            ry="30"
          />
          <rect
            fill="#fff"
            height="6"
            rx="0"
            ry="0"
            transform="rotate(40, 26 10)"
            width="20"
            x="36"
            y="35"
          />
          <rect
            fill="#fff"
            height="6"
            rx="0"
            ry="0"
            transform="rotate(-50, 26 10)"
            width="32"
            x="0"
            y="34"
          />
        </svg>
      </li>
      
    </ul>
  </div>
  <button
    class="slider__btn slider__btn--next"
    data-test="buttonNext"
    style="display: none;"
    type="button"
  >
    <svg
      class="slider__btn-svg"
      fill="none"
      stroke="currentColor"
      viewBox="0 0 24 24"
      xmlns="http://www.w3.org/2000/svg"
    >
      <path
        d="M9 5l7 7-7 7"
        stroke-linecap="round"
        stroke-linejoin="round"
        stroke-width="1"
      />
    </svg>
  </button>
</div>
`;
