// Jest Snapshot v1, https://goo.gl/fbAQLP

exports[`The Viewer should match the snapshot 1`] = `
<section
  class="viewer"
>
  <section
    class="viewer__credit"
  >
    <p>
       Developed with ♥️ by 
      <a
        class="viewer__credit-link"
        href="https://github.com/claudiabdm"
      >
         Claudia Benito 
      </a>
    </p>
  </section>
  <div
    class="viewer__avatar"
  >
    <the-character-stub />
  </div>
  <section
    class="viewer__credit"
  >
    <p>
       Character design by 
      <a
        class="viewer__credit-link"
        href="https://www.figma.com/community/file/834210307944210537/Animal-Crossing-Character-Maker"
      >
         Ace S Chen 
      </a>
    </p>
  </section>
  <button
    class="btn"
    type="button"
  >
    Download Image
  </button>
</section>
`;
